Component: ARM Compiler 5.06 update 7 (build 960) Tool: armlink [4d3601]

==============================================================================

Section Cross References

    startup_lpc17xx.o(STACK) refers (Special) to heapauxi.o(.text) for __use_two_region_memory
    startup_lpc17xx.o(HEAP) refers (Special) to heapauxi.o(.text) for __use_two_region_memory
    startup_lpc17xx.o(RESET) refers (Special) to heapauxi.o(.text) for __use_two_region_memory
    startup_lpc17xx.o(RESET) refers to startup_lpc17xx.o(STACK) for __initial_sp
    startup_lpc17xx.o(RESET) refers to startup_lpc17xx.o(.text) for Reset_Handler
    startup_lpc17xx.o(RESET) refers to irq_timer.o(.text) for TIMER0_IRQHandler
    startup_lpc17xx.o(RESET) refers to irq_adc.o(.text) for ADC_IRQHandler
    startup_lpc17xx.o(RESET) refers to irq_rit.o(.text) for RIT_IRQHandler
    startup_lpc17xx.o(.ARM.__at_0x02FC) refers (Special) to heapauxi.o(.text) for __use_two_region_memory
    startup_lpc17xx.o(.text) refers (Special) to heapauxi.o(.text) for __use_two_region_memory
    startup_lpc17xx.o(.text) refers to __main.o(!!!main) for __main
    startup_lpc17xx.o(.text) refers to startup_lpc17xx.o(HEAP) for Heap_Mem
    startup_lpc17xx.o(.text) refers to startup_lpc17xx.o(STACK) for Stack_Mem
    sample.o(.text) refers to system_lpc17xx.o(.text) for SystemInit
    sample.o(.text) refers to glcd.o(.text) for LCD_Initialization
    sample.o(.text) refers to lib_adc.o(.text) for ADC_init
    sample.o(.text) refers to touchpanel.o(.text) for TP_Init
    sample.o(.text) refers to wrapper.o(.text) for initGameTimers
    system_lpc17xx.o(.text) refers to system_lpc17xx.o(.data) for .data
    irq_timer.o(.text) refers to wrapper.o(.text) for animate
    irq_rit.o(.text) refers to lib_adc.o(.text) for ADC_start_conversion
    irq_rit.o(.text) refers to wrapper.o(.text) for checkJoyStick
    touchpanel.o(.text) refers to glcd.o(.text) for LCD_SetPoint
    touchpanel.o(.text) refers to rt_memclr_w.o(.text) for __aeabi_memclr4
    touchpanel.o(.text) refers to dflt_clz.o(x$fpl$dflt) for __aeabi_i2d
    touchpanel.o(.text) refers to deqf.o(x$fpl$deqf) for __aeabi_cdcmpeq
    touchpanel.o(.text) refers to dflt_clz.o(x$fpl$dfltu) for __aeabi_ui2d
    touchpanel.o(.text) refers to dmul.o(x$fpl$dmul) for __aeabi_dmul
    touchpanel.o(.text) refers to daddsub_clz.o(x$fpl$dadd) for __aeabi_dadd
    touchpanel.o(.text) refers to ddiv.o(x$fpl$ddiv) for __aeabi_ddiv
    touchpanel.o(.text) refers to dfixu.o(x$fpl$dfixu) for __aeabi_d2uiz
    touchpanel.o(.text) refers to touchpanel.o(.data) for .data
    touchpanel.o(.text) refers to touchpanel.o(.bss) for .bss
    asciilib.o(.text) refers to rt_memcpy_v6.o(.text) for __aeabi_memcpy
    asciilib.o(.text) refers to asciilib.o(.constdata) for .constdata
    glcd.o(.text) refers to glcd.o(.data) for .data
    glcd.o(.text) refers to asciilib.o(.text) for GetASCIICode
    hzlib.o(.text) refers to rt_memcpy_v6.o(.text) for __aeabi_memcpy
    hzlib.o(.text) refers to hzlib.o(.constdata) for .constdata
    wrapper.o(.text) refers to _printf_pad.o(.text) for _printf_pre_padding
    wrapper.o(.text) refers to _printf_percent.o(.ARM.Collect$$_printf_percent$$00000000) for _printf_percent
    wrapper.o(.text) refers to _printf_d.o(.ARM.Collect$$_printf_percent$$00000009) for _printf_d
    wrapper.o(.text) refers to _printf_dec.o(.text) for _printf_int_dec
    wrapper.o(.text) refers to glcd.o(.text) for LCD_SetWindow
    wrapper.o(.text) refers to lib_timer.o(.text) for AnimationTimerInterval
    wrapper.o(.text) refers to wrapper.o(.bss) for .bss
    wrapper.o(.text) refers to wrapper.o(.constdata) for .constdata
    wrapper.o(.text) refers to wrapper.o(.data) for .data
    wrapper.o(.text) refers to __2sprintf.o(.text) for __2sprintf
    wrapper.o(.text) refers to lib_rit.o(.text) for enable_RIT
    wrapper.o(.text) refers to touchpanel.o(.text) for Read_Ads7846
    wrapper.o(.text) refers to touchpanel.o(.data) for display
    wrapper.o(.text) refers to touchpanel.o(.bss) for matrix
    wrapper.o(.text) refers to music.o(.data) for volume
    wrapper.o(.constdata) refers to wrapper.o(.constdata) for MEALSNACK1_pixel_data
    wrapper.o(.constdata) refers to wrapper.o(.constdata) for MEALSNACK2_pixel_data
    wrapper.o(.constdata) refers to wrapper.o(.constdata) for RESET_pixel_data
    wrapper.o(.constdata) refers to wrapper.o(.constdata) for FOOD1_pixel_data
    wrapper.o(.constdata) refers to wrapper.o(.constdata) for FOOD2_pixel_data
    wrapper.o(.constdata) refers to wrapper.o(.constdata) for HEART1_pixel_data
    wrapper.o(.constdata) refers to wrapper.o(.constdata) for HEART2_pixel_data
    wrapper.o(.constdata) refers to wrapper.o(.constdata) for VOLUME0_pixel_data
    wrapper.o(.constdata) refers to wrapper.o(.constdata) for VOLUME1_pixel_data
    wrapper.o(.constdata) refers to wrapper.o(.constdata) for VOLUME2_pixel_data
[...]
    .ARM.Collect$$libinit$$00000023          0x0000014c   Section        0  libinit2.o(.ARM.Collect$$libinit$$00000023)
    .ARM.Collect$$libinit$$00000025          0x0000014c   Section        0  libinit2.o(.ARM.Collect$$libinit$$00000025)
    .ARM.Collect$$libinit$$0000002C          0x0000014c   Section        0  libinit2.o(.ARM.Collect$$libinit$$0000002C)
    .ARM.Collect$$libinit$$0000002E          0x0000014c   Section        0  libinit2.o(.ARM.Collect$$libinit$$0000002E)
    .ARM.Collect$$libinit$$00000030          0x0000014c   Section        0  libinit2.o(.ARM.Collect$$libinit$$00000030)
    .ARM.Collect$$libinit$$00000032          0x0000014c   Section        0  libinit2.o(.ARM.Collect$$libinit$$00000032)
    .ARM.Collect$$libinit$$00000033          0x0000014c   Section        2  libinit2.o(.ARM.Collect$$libinit$$00000033)
    .ARM.Collect$$libshutdown$$00000000      0x0000014e   Section        2  libshutdown.o(.ARM.Collect$$libshutdown$$00000000)
    .ARM.Collect$$libshutdown$$00000002      0x00000150   Section        0  libshutdown2.o(.ARM.Collect$$libshutdown$$00000002)
    .ARM.Collect$$libshutdown$$00000004      0x00000150   Section        0  libshutdown2.o(.ARM.Collect$$libshutdown$$00000004)
    .ARM.Collect$$libshutdown$$00000006      0x00000150   Section        0  libshutdown2.o(.ARM.Collect$$libshutdown$$00000006)
    .ARM.Collect$$libshutdown$$00000009      0x00000150   Section        0  libshutdown2.o(.ARM.Collect$$libshutdown$$00000009)
    .ARM.Collect$$libshutdown$$0000000C      0x00000150   Section        0  libshutdown2.o(.ARM.Collect$$libshutdown$$0000000C)
    .ARM.Collect$$libshutdown$$0000000E      0x00000150   Section        0  libshutdown2.o(.ARM.Collect$$libshutdown$$0000000E)
    .ARM.Collect$$libshutdown$$00000011      0x00000150   Section        0  libshutdown2.o(.ARM.Collect$$libshutdown$$00000011)
    .ARM.Collect$$libshutdown$$00000012      0x00000150   Section        2  libshutdown2.o(.ARM.Collect$$libshutdown$$00000012)
    .ARM.Collect$$rtentry$$00000000          0x00000152   Section        0  __rtentry.o(.ARM.Collect$$rtentry$$00000000)
    .ARM.Collect$$rtentry$$00000002          0x00000152   Section        0  __rtentry2.o(.ARM.Collect$$rtentry$$00000002)
    .ARM.Collect$$rtentry$$00000004          0x00000152   Section        6  __rtentry4.o(.ARM.Collect$$rtentry$$00000004)
    .ARM.Collect$$rtentry$$00000009          0x00000158   Section        0  __rtentry2.o(.ARM.Collect$$rtentry$$00000009)
    .ARM.Collect$$rtentry$$0000000A          0x00000158   Section        4  __rtentry2.o(.ARM.Collect$$rtentry$$0000000A)
    .ARM.Collect$$rtentry$$0000000C          0x0000015c   Section        0  __rtentry2.o(.ARM.Collect$$rtentry$$0000000C)
    .ARM.Collect$$rtentry$$0000000D          0x0000015c   Section        8  __rtentry2.o(.ARM.Collect$$rtentry$$0000000D)
    .ARM.Collect$$rtexit$$00000000           0x00000164   Section        2  rtexit.o(.ARM.Collect$$rtexit$$00000000)
    .ARM.Collect$$rtexit$$00000002           0x00000166   Section        0  rtexit2.o(.ARM.Collect$$rtexit$$00000002)
    .ARM.Collect$$rtexit$$00000003           0x00000166   Section        4  rtexit2.o(.ARM.Collect$$rtexit$$00000003)
    .ARM.Collect$$rtexit$$00000004           0x0000016a   Section        6  rtexit2.o(.ARM.Collect$$rtexit$$00000004)
    .text                                    0x00000170   Section       52  startup_lpc17xx.o(.text)
    .text                                    0x000001a4   Section        0  sample.o(.text)
    .text                                    0x000001dc   Section        0  irq_timer.o(.text)
    .text                                    0x00000200   Section        0  lib_timer.o(.text)
    __NVIC_EnableIRQ                         0x0000029b   Thumb Code    26  lib_timer.o(.text)
    .text                                    0x000002b8   Section        0  irq_rit.o(.text)
    .text                                    0x000002d8   Section        0  asciilib.o(.text)
    .text                                    0x000002ec   Section        0  heapauxi.o(.text)
    .text                                    0x000002f2   Section        0  _sputc.o(.text)
    .ARM.__at_0x02FC                         0x000002fc   Section        4  startup_lpc17xx.o(.ARM.__at_0x02FC)
    .text                                    0x00000300   Section        0  system_lpc17xx.o(.text)
    .text                                    0x00000488   Section        0  lib_rit.o(.text)
    .text                                    0x000004e8   Section        0  touchpanel.o(.text)
    ADS7843_SPI_Init                         0x000004f9   Thumb Code    86  touchpanel.o(.text)
    DelayUS                                  0x00000563   Thumb Code    20  touchpanel.o(.text)
    WR_CMD                                   0x00000577   Thumb Code    28  touchpanel.o(.text)
    RD_AD                                    0x00000593   Thumb Code    34  touchpanel.o(.text)
    .text                                    0x00000c80   Section        0  glcd.o(.text)
    LCD_Configuration                        0x00000c81   Thumb Code    18  glcd.o(.text)
    wait_delay                               0x00000c93   Thumb Code     8  glcd.o(.text)
    LCD_SetCursor                            0x00000c9b   Thumb Code  1082  glcd.o(.text)
    delay_ms                                 0x000010d5   Thumb Code    28  glcd.o(.text)
    LCD_BGR2RGB                              0x00004405   Thumb Code    18  glcd.o(.text)
    .text                                    0x00005000   Section        0  wrapper.o(.text)
    .text                                    0x000056b0   Section        0  irq_adc.o(.text)
    .text                                    0x000056c8   Section        0  lib_adc.o(.text)
    .text                                    0x00005718   Section        0  music.o(.text)
    .text                                    0x000057c4   Section        0  __2sprintf.o(.text)
    .text                                    0x000057f0   Section        0  _printf_pad.o(.text)
    .text                                    0x00005840   Section        0  _printf_dec.o(.text)
    .text                                    0x000058b8   Section        0  __printf_flags_wp.o(.text)
    .text                                    0x000059f0   Section      138  rt_memcpy_v6.o(.text)
    .text                                    0x00005a7a   Section       78  rt_memclr_w.o(.text)
    .text                                    0x00005ac8   Section        0  _printf_intcommon.o(.text)
    .text                                    0x00005b7c   Section        0  _printf_char_common.o(.text)
    _printf_input_char                       0x00005b7d   Thumb Code    10  _printf_char_common.o(.text)
    .text                                    0x00005bac   Section      100  rt_memcpy_w.o(.text)
    .text                                    0x00005c10   Section       74  sys_stackheap_outer.o(.text)
    .text                                    0x00005c5a   Section        0  exit.o(.text)
    .text                                    0x00005c6c   Section        8  libspace.o(.text)
    .text                                    0x00005c74   Section        0  sys_exit.o(.text)
    .text                                    0x00005c80   Section        2  use_no_semi.o(.text)
    .text                                    0x00005c82   Section        0  indicate_semi.o(.text)
    i._is_digit                              0x00005c82   Section        0  __printf_wp.o(i._is_digit)
    x$fpl$dadd                               0x00005c90   Section      336  daddsub_clz.o(x$fpl$dadd)
    _dadd1                                   0x00005ca1   Thumb Code     0  daddsub_clz.o(x$fpl$dadd)
    x$fpl$dcmpinf                            0x00005de0   Section       24  dcmpi.o(x$fpl$dcmpinf)
    x$fpl$ddiv                               0x00005df8   Section      688  ddiv.o(x$fpl$ddiv)
    ddiv_entry                               0x00005dff   Thumb Code     0  ddiv.o(x$fpl$ddiv)
    x$fpl$deqf                               0x000060a8   Section      120  deqf.o(x$fpl$deqf)
    x$fpl$dfixu                              0x00006120   Section       90  dfixu.o(x$fpl$dfixu)
    x$fpl$dflt                               0x0000617a   Section       46  dflt_clz.o(x$fpl$dflt)
    x$fpl$dfltu                              0x000061a8   Section       38  dflt_clz.o(x$fpl$dfltu)
    x$fpl$dmul                               0x000061d0   Section      340  dmul.o(x$fpl$dmul)
    x$fpl$dnaninf                            0x00006324   Section      156  dnaninf.o(x$fpl$dnaninf)
    x$fpl$dretinf                            0x000063c0   Section       12  dretinf.o(x$fpl$dretinf)
    x$fpl$dsub                               0x000063cc   Section      468  daddsub_clz.o(x$fpl$dsub)
    _dsub1                                   0x000063dd   Thumb Code     0  daddsub_clz.o(x$fpl$dsub)
    .constdata                               0x000065a0   Section     1520  asciilib.o(.constdata)
    x$fpl$usenofp                            0x000065a0   Section        0  usenofp.o(x$fpl$usenofp)
    AsciiLib                                 0x000065a0   Data        1520  asciilib.o(.constdata)
    .constdata                               0x00006b90   Section    125332  wrapper.o(.constdata)
    Mealsnack1                               0x00006b90   Data           8  wrapper.o(.constdata)
    Mealsnack2                               0x00006b98   Data           8  wrapper.o(.constdata)
    Reset                                    0x00006ba0   Data           8  wrapper.o(.constdata)
    Food1                                    0x00006ba8   Data           8  wrapper.o(.constdata)
    Food2                                    0x00006bb0   Data           8  wrapper.o(.constdata)
    Heart1                                   0x00006bb8   Data           8  wrapper.o(.constdata)
    Heart2                                   0x00006bc0   Data           8  wrapper.o(.constdata)
    Volume0                                  0x00006bc8   Data           8  wrapper.o(.constdata)
    Volume1                                  0x00006bd0   Data           8  wrapper.o(.constdata)
    Volume2                                  0x00006bd8   Data           8  wrapper.o(.constdata)
    Volume3                                  0x00006be0   Data           8  wrapper.o(.constdata)
    BACKGROUND_pixel_data                    0x00006be8   Data       124801  wrapper.o(.constdata)
    still                                    0x0002536c   Data          88  wrapper.o(.constdata)
    meal                                     0x000253c4   Data          88  wrapper.o(.constdata)
    snack                                    0x0002541c   Data          88  wrapper.o(.constdata)
    run                                      0x00025474   Data          88  wrapper.o(.constdata)
    cuddle                                   0x000254cc   Data          88  wrapper.o(.constdata)
    .constdata                               0x00025524   Section    28801  wrapper.o(.constdata)
    MEALSNACK1_pixel_data                    0x00025524   Data       28801  wrapper.o(.constdata)
    .constdata                               0x0002c5a5   Section    28801  wrapper.o(.constdata)
    MEALSNACK2_pixel_data                    0x0002c5a5   Data       28801  wrapper.o(.constdata)
    .constdata                               0x00033626   Section    28801  wrapper.o(.constdata)
    RESET_pixel_data                         0x00033626   Data       28801  wrapper.o(.constdata)
    .constdata                               0x0003a6a7   Section    11201  wrapper.o(.constdata)
    KIRBY1_pixel_data                        0x0003a6a7   Data       11201  wrapper.o(.constdata)
    .constdata                               0x0003d268   Section        8  wrapper.o(.constdata)
    Kirby1                                   0x0003d268   Data           8  wrapper.o(.constdata)
    .constdata                               0x0003d270   Section    11201  wrapper.o(.constdata)
    KIRBY2_pixel_data                        0x0003d270   Data       11201  wrapper.o(.constdata)
    .constdata                               0x0003fe34   Section        8  wrapper.o(.constdata)
    Kirby2                                   0x0003fe34   Data           8  wrapper.o(.constdata)
    .constdata                               0x0003fe3c   Section    12321  wrapper.o(.constdata)
    KIRBY3_pixel_data                        0x0003fe3c   Data       12321  wrapper.o(.constdata)
    .constdata                               0x00042e60   Section        8  wrapper.o(.constdata)
    Kirby3                                   0x00042e60   Data           8  wrapper.o(.constdata)
    .constdata                               0x00042e68   Section    13761  wrapper.o(.constdata)
    KIRBY4_pixel_data                        0x00042e68   Data       13761  wrapper.o(.constdata)
    .constdata                               0x0004642c   Section        8  wrapper.o(.constdata)
    Kirby4                                   0x0004642c   Data           8  wrapper.o(.constdata)
    .constdata                               0x00046434   Section    12321  wrapper.o(.constdata)
    KIRBY5_pixel_data                        0x00046434   Data       12321  wrapper.o(.constdata)
    .constdata                               0x00049458   Section        8  wrapper.o(.constdata)
    Kirby5                                   0x00049458   Data           8  wrapper.o(.constdata)
    .constdata                               0x00049460   Section    11859  wrapper.o(.constdata)
    KIRBYWALK1_pixel_data                    0x00049460   Data       11859  wrapper.o(.constdata)
    .constdata                               0x0004c2b4   Section        8  wrapper.o(.constdata)
    Kirbywalk1                               0x0004c2b4   Data           8  wrapper.o(.constdata)
    .constdata                               0x0004c2bc   Section    11859  wrapper.o(.constdata)
    KIRBYWALK2_pixel_data                    0x0004c2bc   Data       11859  wrapper.o(.constdata)
    .constdata                               0x0004f110   Section        8  wrapper.o(.constdata)
    Kirbywalk2                               0x0004f110   Data           8  wrapper.o(.constdata)
    .constdata                               0x0004f118   Section    11397  wrapper.o(.constdata)
    KIRBYWALK3_pixel_data                    0x0004f118   Data       11397  wrapper.o(.constdata)
    .constdata                               0x00051da0   Section        8  wrapper.o(.constdata)
    Kirbywalk3                               0x00051da0   Data           8  wrapper.o(.constdata)
    .constdata                               0x00051da8   Section    10319  wrapper.o(.constdata)
    KIRBYWALK4_pixel_data                    0x00051da8   Data       10319  wrapper.o(.constdata)
    .constdata                               0x000545f8   Section        8  wrapper.o(.constdata)
    Kirbywalk4                               0x000545f8   Data           8  wrapper.o(.constdata)
    .constdata                               0x00054600   Section    10789  wrapper.o(.constdata)
    KIRBYCUDDLE1_pixel_data                  0x00054600   Data       10789  wrapper.o(.constdata)
    .constdata                               0x00057028   Section        8  wrapper.o(.constdata)
    Kirbycuddle1                             0x00057028   Data           8  wrapper.o(.constdata)
    .constdata                               0x00057030   Section    11859  wrapper.o(.constdata)
    KIRBYCUDDLE2_pixel_data                  0x00057030   Data       11859  wrapper.o(.constdata)
    .constdata                               0x00059e84   Section        8  wrapper.o(.constdata)
    Kirbycuddle2                             0x00059e84   Data           8  wrapper.o(.constdata)
    .constdata                               0x00059e8c   Section     2451  wrapper.o(.constdata)
    CAKE_pixel_data                          0x00059e8c   Data        2451  wrapper.o(.constdata)
    .constdata                               0x0005a820   Section        8  wrapper.o(.constdata)
    Cake                                     0x0005a820   Data           8  wrapper.o(.constdata)
    .constdata                               0x0005a828   Section     2101  wrapper.o(.constdata)
    CHERRY_pixel_data                        0x0005a828   Data        2101  wrapper.o(.constdata)
    .constdata                               0x0005b060   Section        8  wrapper.o(.constdata)
    Cherry                                   0x0005b060   Data           8  wrapper.o(.constdata)
    .constdata                               0x0005b068   Section      801  wrapper.o(.constdata)
    FOOD1_pixel_data                         0x0005b068   Data         801  wrapper.o(.constdata)
    .constdata                               0x0005b389   Section      801  wrapper.o(.constdata)
    FOOD2_pixel_data                         0x0005b389   Data         801  wrapper.o(.constdata)
    .constdata                               0x0005b6aa   Section      801  wrapper.o(.constdata)
    HEART1_pixel_data                        0x0005b6aa   Data         801  wrapper.o(.constdata)
    .constdata                               0x0005b9cb   Section      801  wrapper.o(.constdata)
    HEART2_pixel_data                        0x0005b9cb   Data         801  wrapper.o(.constdata)
    .constdata                               0x0005bcec   Section    34001  wrapper.o(.constdata)
    GAMEOVER_pixel_data                      0x0005bcec   Data       34001  wrapper.o(.constdata)
    .constdata                               0x000641c0   Section        8  wrapper.o(.constdata)
    Gameover                                 0x000641c0   Data           8  wrapper.o(.constdata)
    .constdata                               0x000641c8   Section     1601  wrapper.o(.constdata)
    VOLUME0_pixel_data                       0x000641c8   Data        1601  wrapper.o(.constdata)
    .constdata                               0x00064809   Section     1601  wrapper.o(.constdata)
    VOLUME1_pixel_data                       0x00064809   Data        1601  wrapper.o(.constdata)
    .constdata                               0x00064e4a   Section     1601  wrapper.o(.constdata)
    VOLUME2_pixel_data                       0x00064e4a   Data        1601  wrapper.o(.constdata)
    .constdata                               0x0006548b   Section     1601  wrapper.o(.constdata)
    VOLUME3_pixel_data                       0x0006548b   Data        1601  wrapper.o(.constdata)
    .constdata                               0x00065acc   Section       16  wrapper.o(.constdata)
    kirby_still1                             0x00065acc   Data          16  wrapper.o(.constdata)
    .constdata                               0x00065adc   Section       16  wrapper.o(.constdata)
    kirby_still2                             0x00065adc   Data          16  wrapper.o(.constdata)
    .constdata                               0x00065aec   Section       16  wrapper.o(.constdata)
    kirby_still3                             0x00065aec   Data          16  wrapper.o(.constdata)
    .constdata                               0x00065afc   Section       16  wrapper.o(.constdata)
    kirby_still4                             0x00065afc   Data          16  wrapper.o(.constdata)
    .constdata                               0x00065b0c   Section       16  wrapper.o(.constdata)
    kirby_still5                             0x00065b0c   Data          16  wrapper.o(.constdata)
    .constdata                               0x00065b1c   Section       16  wrapper.o(.constdata)
    kirby_still6                             0x00065b1c   Data          16  wrapper.o(.constdata)
    .constdata                               0x00065b2c   Section       16  wrapper.o(.constdata)
    kirby_still7                             0x00065b2c   Data          16  wrapper.o(.constdata)
    .constdata                               0x00065b3c   Section       16  wrapper.o(.constdata)
    kirby_still8                             0x00065b3c   Data          16  wrapper.o(.constdata)
    .constdata                               0x00065b4c   Section       16  wrapper.o(.constdata)
    kirby_still9                             0x00065b4c   Data          16  wrapper.o(.constdata)
    .constdata                               0x00065b5c   Section       16  wrapper.o(.constdata)
    kirby_still10                            0x00065b5c   Data          16  wrapper.o(.constdata)
    .constdata                               0x00065b6c   Section       16  wrapper.o(.constdata)
    kirby_still11                            0x00065b6c   Data          16  wrapper.o(.constdata)
    .constdata                               0x00065b7c   Section       16  wrapper.o(.constdata)
    kirby_still12                            0x00065b7c   Data          16  wrapper.o(.constdata)
    .constdata                               0x00065b8c   Section       16  wrapper.o(.constdata)
    kirby_still13                            0x00065b8c   Data          16  wrapper.o(.constdata)
    .constdata                               0x00065b9c   Section       16  wrapper.o(.constdata)
    kirby_still14                            0x00065b9c   Data          16  wrapper.o(.constdata)
    .constdata                               0x00065bac   Section       16  wrapper.o(.constdata)
    kirby_still15                            0x00065bac   Data          16  wrapper.o(.constdata)
    .constdata                               0x00065bbc   Section       16  wrapper.o(.constdata)
    kirby_still16                            0x00065bbc   Data          16  wrapper.o(.constdata)
    .constdata                               0x00065bcc   Section       16  wrapper.o(.constdata)
    meal1                                    0x00065bcc   Data          16  wrapper.o(.constdata)
    .constdata                               0x00065bdc   Section       16  wrapper.o(.constdata)
    meal2                                    0x00065bdc   Data          16  wrapper.o(.constdata)
    .constdata                               0x00065bec   Section       16  wrapper.o(.constdata)
    meal3                                    0x00065bec   Data          16  wrapper.o(.constdata)
    .constdata                               0x00065bfc   Section       16  wrapper.o(.constdata)
    meal4                                    0x00065bfc   Data          16  wrapper.o(.constdata)
    .constdata                               0x00065c0c   Section       16  wrapper.o(.constdata)
    meal5                                    0x00065c0c   Data          16  wrapper.o(.constdata)
    .constdata                               0x00065c1c   Section       16  wrapper.o(.constdata)
    meal6                                    0x00065c1c   Data          16  wrapper.o(.constdata)
    .constdata                               0x00065c2c   Section       16  wrapper.o(.constdata)
    meal7                                    0x00065c2c   Data          16  wrapper.o(.constdata)
    .constdata                               0x00065c3c   Section       16  wrapper.o(.constdata)
    meal8                                    0x00065c3c   Data          16  wrapper.o(.constdata)
    .constdata                               0x00065c4c   Section       16  wrapper.o(.constdata)
    meal9                                    0x00065c4c   Data          16  wrapper.o(.constdata)
    .constdata                               0x00065c5c   Section       16  wrapper.o(.constdata)
    meal10                                   0x00065c5c   Data          16  wrapper.o(.constdata)
    .constdata                               0x00065c6c   Section       16  wrapper.o(.constdata)
    meal11                                   0x00065c6c   Data          16  wrapper.o(.constdata)
    .constdata                               0x00065c7c   Section       16  wrapper.o(.constdata)
    meal12                                   0x00065c7c   Data          16  wrapper.o(.constdata)
    .constdata                               0x00065c8c   Section       16  wrapper.o(.constdata)
    meal13                                   0x00065c8c   Data          16  wrapper.o(.constdata)
    .constdata                               0x00065c9c   Section       16  wrapper.o(.constdata)
    meal14                                   0x00065c9c   Data          16  wrapper.o(.constdata)
    .constdata                               0x00065cac   Section       16  wrapper.o(.constdata)
    meal15                                   0x00065cac   Data          16  wrapper.o(.constdata)
    .constdata                               0x00065cbc   Section       16  wrapper.o(.constdata)
    meal16                                   0x00065cbc   Data          16  wrapper.o(.constdata)
    .constdata                               0x00065ccc   Section       16  wrapper.o(.constdata)
    meal17                                   0x00065ccc   Data          16  wrapper.o(.constdata)
    .constdata                               0x00065cdc   Section       16  wrapper.o(.constdata)
    meal18                                   0x00065cdc   Data          16  wrapper.o(.constdata)
    .constdata                               0x00065cec   Section       16  wrapper.o(.constdata)
    snack1                                   0x00065cec   Data          16  wrapper.o(.constdata)
    .constdata                               0x00065cfc   Section       16  wrapper.o(.constdata)
    snack2                                   0x00065cfc   Data          16  wrapper.o(.constdata)
    .constdata                               0x00065d0c   Section       16  wrapper.o(.constdata)
    run1                                     0x00065d0c   Data          16  wrapper.o(.constdata)
    .constdata                               0x00065d1c   Section       16  wrapper.o(.constdata)
    run2                                     0x00065d1c   Data          16  wrapper.o(.constdata)
    .constdata                               0x00065d2c   Section       16  wrapper.o(.constdata)
    run3                                     0x00065d2c   Data          16  wrapper.o(.constdata)
    .constdata                               0x00065d3c   Section       16  wrapper.o(.constdata)
    run4                                     0x00065d3c   Data          16  wrapper.o(.constdata)
    .constdata                               0x00065d4c   Section       16  wrapper.o(.constdata)
    run5                                     0x00065d4c   Data          16  wrapper.o(.constdata)
    .constdata                               0x00065d5c   Section       16  wrapper.o(.constdata)
    run6                                     0x00065d5c   Data          16  wrapper.o(.constdata)
    .constdata                               0x00065d6c   Section       16  wrapper.o(.constdata)
    run7                                     0x00065d6c   Data          16  wrapper.o(.constdata)
    .constdata                               0x00065d7c   Section       16  wrapper.o(.constdata)
    run8                                     0x00065d7c   Data          16  wrapper.o(.constdata)
    .constdata                               0x00065d8c   Section       16  wrapper.o(.constdata)
    run9                                     0x00065d8c   Data          16  wrapper.o(.constdata)
    .constdata                               0x00065d9c   Section       16  wrapper.o(.constdata)
    run10                                    0x00065d9c   Data          16  wrapper.o(.constdata)
    .constdata                               0x00065dac   Section       16  wrapper.o(.constdata)
    run11                                    0x00065dac   Data          16  wrapper.o(.constdata)
    .constdata                               0x00065dbc   Section       16  wrapper.o(.constdata)
    run12                                    0x00065dbc   Data          16  wrapper.o(.constdata)
    .constdata                               0x00065dcc   Section       16  wrapper.o(.constdata)
    run13                                    0x00065dcc   Data          16  wrapper.o(.constdata)
    .constdata                               0x00065ddc   Section       16  wrapper.o(.constdata)
    run14                                    0x00065ddc   Data          16  wrapper.o(.constdata)
    .constdata                               0x00065dec   Section       16  wrapper.o(.constdata)
    run15                                    0x00065dec   Data          16  wrapper.o(.constdata)
    .constdata                               0x00065dfc   Section       16  wrapper.o(.constdata)
    run16                                    0x00065dfc   Data          16  wrapper.o(.constdata)
    .constdata                               0x00065e0c   Section       16  wrapper.o(.constdata)
    run17                                    0x00065e0c   Data          16  wrapper.o(.constdata)
    .constdata                               0x00065e1c   Section       16  wrapper.o(.constdata)
    run18                                    0x00065e1c   Data          16  wrapper.o(.constdata)
    .constdata                               0x00065e2c   Section       16  wrapper.o(.constdata)
    run19                                    0x00065e2c   Data          16  wrapper.o(.constdata)
    .constdata                               0x00065e3c   Section       16  wrapper.o(.constdata)
    cuddle1                                  0x00065e3c   Data          16  wrapper.o(.constdata)
    .constdata                               0x00065e4c   Section       16  wrapper.o(.constdata)
    cuddle1_c                                0x00065e4c   Data          16  wrapper.o(.constdata)
    .constdata                               0x00065e5c   Section       16  wrapper.o(.constdata)
    cuddle1_f                                0x00065e5c   Data          16  wrapper.o(.constdata)
    .constdata                               0x00065e6c   Section       16  wrapper.o(.constdata)
    cuddle2                                  0x00065e6c   Data          16  wrapper.o(.constdata)
    .constdata                               0x00065e7c   Section       16  wrapper.o(.constdata)
    cuddle2_c                                0x00065e7c   Data          16  wrapper.o(.constdata)
    .constdata                               0x00065e8c   Section       16  wrapper.o(.constdata)
    cuddle2_f                                0x00065e8c   Data          16  wrapper.o(.constdata)
    .constdata                               0x00065e9c   Section       16  wrapper.o(.constdata)
    cuddle3                                  0x00065e9c   Data          16  wrapper.o(.constdata)
    .constdata                               0x00065eac   Section       16  wrapper.o(.constdata)
    cuddle3_c                                0x00065eac   Data          16  wrapper.o(.constdata)
    .constdata                               0x00065ebc   Section       16  wrapper.o(.constdata)
    cuddle4                                  0x00065ebc   Data          16  wrapper.o(.constdata)
    .constdata                               0x00065ecc   Section       16  wrapper.o(.constdata)
    cuddle4_c                                0x00065ecc   Data          16  wrapper.o(.constdata)
    .constdata                               0x00065edc   Section       16  wrapper.o(.constdata)
    cuddle5                                  0x00065edc   Data          16  wrapper.o(.constdata)
    .constdata                               0x00065eec   Section       16  wrapper.o(.constdata)
    cuddle5_c                                0x00065eec   Data          16  wrapper.o(.constdata)
    .constdata                               0x00065efc   Section       17  __printf_flags_wp.o(.constdata)
    maptable                                 0x00065efc   Data          17  __printf_flags_wp.o(.constdata)
    STACK                                    0x10000000   Section      512  startup_lpc17xx.o(STACK)
    Stack_Mem                                0x10000000   Data         512  startup_lpc17xx.o(STACK)
    __initial_sp                             0x10000200   Data           0  startup_lpc17xx.o(STACK)
    .data                                    0x2007c000   Section        4  system_lpc17xx.o(.data)
    .data                                    0x2007c004   Section       16  touchpanel.o(.data)
    screen                                   0x2007c004   Data           4  touchpanel.o(.data)
    .data                                    0x2007c014   Section        4  touchpanel.o(.data)
    .data                                    0x2007c018   Section        4  glcd.o(.data)
    LCD_Code                                 0x2007c018   Data           1  glcd.o(.data)
    back_color                               0x2007c01a   Data           2  glcd.o(.data)
    .data                                    0x2007c01c   Section       28  wrapper.o(.data)
    end                                      0x2007c01c   Data           1  wrapper.o(.data)
    isBusy                                   0x2007c01d   Data           1  wrapper.o(.data)
    satiety                                  0x2007c01e   Data           1  wrapper.o(.data)
    happiness                                0x2007c01f   Data           1  wrapper.o(.data)
    decrease_flag                            0x2007c020   Data           1  wrapper.o(.data)
    selection                                0x2007c021   Data           1  wrapper.o(.data)
    a                                        0x2007c024   Data           4  wrapper.o(.data)
    game                                     0x2007c028   Data           4  wrapper.o(.data)
    animation_index                          0x2007c02c   Data           4  wrapper.o(.data)
    old_index                                0x2007c030   Data           4  wrapper.o(.data)
    time_counter                             0x2007c034   Data           4  wrapper.o(.data)
    .data                                    0x2007c038   Section        2  irq_adc.o(.data)
    .data                                    0x2007c03a   Section       26  music.o(.data)
    .bss                                     0x2007c058   Section       68  touchpanel.o(.bss)
    .bss                                     0x2007c09c   Section       16  wrapper.o(.bss)
    DummyFrame                               0x2007c09c   Data          16  wrapper.o(.bss)
    .bss                                     0x2007c0ac   Section       96  libspace.o(.bss)
    HEAP                                     0x2007c110   Section        0  startup_lpc17xx.o(HEAP)
    Heap_Mem                                 0x2007c110   Data           0  startup_lpc17xx.o(HEAP)

    Global Symbols

    Symbol Name                              Value     Ov Type        Size  Object(Section)

    BuildAttributes$$THM_ISAv4$P$D$K$B$S$PE$A:L22UL41UL21$X:L11$S22US41US21$IEEE1$IW$USESV6$~STKCKD$USESV7$~SHL$OSPACE$ROPI$EBA8$UX$STANDARDLIB$REQ8$PRES8$EABIv2 0x00000000   Number         0  anon$$obj.o ABSOLUTE
    __ARM_use_no_argv                        0x00000000   Number         0  sample.o ABSOLUTE
    __Vectors                                0x00000000   Data           4  startup_lpc17xx.o(RESET)
    _printf_flags                            0x00000000   Number         0  printf_stubs.o ABSOLUTE
    _printf_return_value                     0x00000000   Number         0  printf_stubs.o ABSOLUTE
    _printf_sizespec                         0x00000000   Number         0  printf_stubs.o ABSOLUTE
    _printf_widthprec                        0x00000000   Number         0  printf_stubs.o ABSOLUTE
    __ARM_exceptions_init                     - Undefined Weak Reference
    __alloca_initialize                       - Undefined Weak Reference
    __arm_fini_                               - Undefined Weak Reference
    __arm_preinit_                            - Undefined Weak Reference
    __cpp_initialize__aeabi_                  - Undefined Weak Reference
    __cxa_finalize                            - Undefined Weak Reference
    __rt_locale                               - Undefined Weak Reference
    __sigvec_lookup                           - Undefined Weak Reference
    _atexit_init                              - Undefined Weak Reference
    _call_atexit_fns                          - Undefined Weak Reference
    _clock_init                               - Undefined Weak Reference
    _fp_trap_init                             - Undefined Weak Reference
    _fp_trap_shutdown                         - Undefined Weak Reference
    _get_lc_collate                           - Undefined Weak Reference
    _get_lc_ctype                             - Undefined Weak Reference
    _get_lc_monetary                          - Undefined Weak Reference
    _get_lc_numeric                           - Undefined Weak Reference
    _get_lc_time                              - Undefined Weak Reference
    _getenv_init                              - Undefined Weak Reference
    _handle_redirection                       - Undefined Weak Reference
    _init_alloc                               - Undefined Weak Reference
    _init_user_alloc                          - Undefined Weak Reference
    _initio                                   - Undefined Weak Reference
    _printf_truncate_signed                   - Undefined Weak Reference
    _printf_truncate_unsigned                 - Undefined Weak Reference
    _rand_init                                - Undefined Weak Reference
    _signal_finish                            - Undefined Weak Reference
    _signal_init                              - Undefined Weak Reference
    _terminate_alloc                          - Undefined Weak Reference
    _terminate_user_alloc                     - Undefined Weak Reference
    _terminateio                              - Undefined Weak Reference
    __main                                   0x000000cd   Thumb Code     8  __main.o(!!!main)
    __scatterload                            0x000000d5   Thumb Code     0  __scatter.o(!!!scatter)
    __scatterload_rt2                        0x000000d5   Thumb Code    44  __scatter.o(!!!scatter)
    __scatterload_rt2_thumb_only             0x000000d5   Thumb Code     0  __scatter.o(!!!scatter)
    __scatterload_null                       0x000000e3   Thumb Code     0  __scatter.o(!!!scatter)
    __scatterload_copy                       0x00000109   Thumb Code    26  __scatter_copy.o(!!handler_copy)
    __scatterload_zeroinit                   0x00000125   Thumb Code    28  __scatter_zi.o(!!handler_zi)
    _printf_d                                0x00000141   Thumb Code     0  _printf_d.o(.ARM.Collect$$_printf_percent$$00000009)
    _printf_percent                          0x00000141   Thumb Code     0  _printf_percent.o(.ARM.Collect$$_printf_percent$$00000000)
    _printf_percent_end                      0x00000147   Thumb Code     0  _printf_percent_end.o(.ARM.Collect$$_printf_percent$$00000017)
    __rt_lib_init                            0x0000014b   Thumb Code     0  libinit.o(.ARM.Collect$$libinit$$00000000)
    __rt_lib_init_alloca_1                   0x0000014d   Thumb Code     0  libinit2.o(.ARM.Collect$$libinit$$0000002E)
    __rt_lib_init_argv_1                     0x0000014d   Thumb Code     0  libinit2.o(.ARM.Collect$$libinit$$0000002C)
    __rt_lib_init_atexit_1                   0x0000014d   Thumb Code     0  libinit2.o(.ARM.Collect$$libinit$$0000001B)
    __rt_lib_init_clock_1                    0x0000014d   Thumb Code     0  libinit2.o(.ARM.Collect$$libinit$$00000021)
    __rt_lib_init_cpp_1                      0x0000014d   Thumb Code     0  libinit2.o(.ARM.Collect$$libinit$$00000032)
    __rt_lib_init_exceptions_1               0x0000014d   Thumb Code     0  libinit2.o(.ARM.Collect$$libinit$$00000030)
    __rt_lib_init_fp_1                       0x0000014d   Thumb Code     0  libinit2.o(.ARM.Collect$$libinit$$00000002)
    __rt_lib_init_fp_trap_1                  0x0000014d   Thumb Code     0  libinit2.o(.ARM.Collect$$libinit$$0000001F)
    __rt_lib_init_getenv_1                   0x0000014d   Thumb Code     0  libinit2.o(.ARM.Collect$$libinit$$00000023)
    __rt_lib_init_heap_1                     0x0000014d   Thumb Code     0  libinit2.o(.ARM.Collect$$libinit$$0000000A)
    __rt_lib_init_lc_collate_1               0x0000014d   Thumb Code     0  libinit2.o(.ARM.Collect$$libinit$$00000011)
    __rt_lib_init_lc_ctype_1                 0x0000014d   Thumb Code     0  libinit2.o(.ARM.Collect$$libinit$$00000013)
    __rt_lib_init_lc_monetary_1              0x0000014d   Thumb Code     0  libinit2.o(.ARM.Collect$$libinit$$00000015)
    __rt_lib_init_lc_numeric_1               0x0000014d   Thumb Code     0  libinit2.o(.ARM.Collect$$libinit$$00000017)
    __rt_lib_init_lc_time_1                  0x0000014d   Thumb Code     0  libinit2.o(.ARM.Collect$$libinit$$00000019)
    __rt_lib_init_preinit_1                  0x0000014d   Thumb Code     0  libinit2.o(.ARM.Collect$$libinit$$00000004)
    __rt_lib_init_rand_1                     0x0000014d   Thumb Code     0  libinit2.o(.ARM.Collect$$libinit$$0000000E)
    __rt_lib_init_return                     0x0000014d   Thumb Code     0  libinit2.o(.ARM.Collect$$libinit$$00000033)
    __rt_lib_init_signal_1                   0x0000014d   Thumb Code     0  libinit2.o(.ARM.Collect$$libinit$$0000001D)
    __rt_lib_init_stdio_1                    0x0000014d   Thumb Code     0  libinit2.o(.ARM.Collect$$libinit$$00000025)
    __rt_lib_init_user_alloc_1               0x0000014d   Thumb Code     0  libinit2.o(.ARM.Collect$$libinit$$0000000C)
    __rt_lib_shutdown                        0x0000014f   Thumb Code     0  libshutdown.o(.ARM.Collect$$libshutdown$$00000000)
    __rt_lib_shutdown_cpp_1                  0x00000151   Thumb Code     0  libshutdown2.o(.ARM.Collect$$libshutdown$$00000004)
    __rt_lib_shutdown_fini_1                 0x00000151   Thumb Code     0  libshutdown2.o(.ARM.Collect$$libshutdown$$00000002)
    __rt_lib_shutdown_fp_trap_1              0x00000151   Thumb Code     0  libshutdown2.o(.ARM.Collect$$libshutdown$$00000009)
    __rt_lib_shutdown_heap_1                 0x00000151   Thumb Code     0  libshutdown2.o(.ARM.Collect$$libshutdown$$00000011)
    __rt_lib_shutdown_return                 0x00000151   Thumb Code     0  libshutdown2.o(.ARM.Collect$$libshutdown$$00000012)
    __rt_lib_shutdown_signal_1               0x00000151   Thumb Code     0  libshutdown2.o(.ARM.Collect$$libshutdown$$0000000C)
    __rt_lib_shutdown_stdio_1                0x00000151   Thumb Code     0  libshutdown2.o(.ARM.Collect$$libshutdown$$00000006)
    __rt_lib_shutdown_user_alloc_1           0x00000151   Thumb Code     0  libshutdown2.o(.ARM.Collect$$libshutdown$$0000000E)
    __rt_entry                               0x00000153   Thumb Code     0  __rtentry.o(.ARM.Collect$$rtentry$$00000000)
    __rt_entry_presh_1                       0x00000153   Thumb Code     0  __rtentry2.o(.ARM.Collect$$rtentry$$00000002)
    __rt_entry_sh                            0x00000153   Thumb Code     0  __rtentry4.o(.ARM.Collect$$rtentry$$00000004)
    __rt_entry_li                            0x00000159   Thumb Code     0  __rtentry2.o(.ARM.Collect$$rtentry$$0000000A)
    __rt_entry_postsh_1                      0x00000159   Thumb Code     0  __rtentry2.o(.ARM.Collect$$rtentry$$00000009)
    __rt_entry_main                          0x0000015d   Thumb Code     0  __rtentry2.o(.ARM.Collect$$rtentry$$0000000D)
    __rt_entry_postli_1                      0x0000015d   Thumb Code     0  __rtentry2.o(.ARM.Collect$$rtentry$$0000000C)
    __rt_exit                                0x00000165   Thumb Code     0  rtexit.o(.ARM.Collect$$rtexit$$00000000)
    __rt_exit_ls                             0x00000167   Thumb Code     0  rtexit2.o(.ARM.Collect$$rtexit$$00000003)
    __rt_exit_prels_1                        0x00000167   Thumb Code     0  rtexit2.o(.ARM.Collect$$rtexit$$00000002)
    __rt_exit_exit                           0x0000016b   Thumb Code     0  rtexit2.o(.ARM.Collect$$rtexit$$00000004)
    Reset_Handler                            0x00000171   Thumb Code     4  startup_lpc17xx.o(.text)
    NMI_Handler                              0x00000175   Thumb Code     2  startup_lpc17xx.o(.text)
    HardFault_Handler                        0x00000177   Thumb Code     2  startup_lpc17xx.o(.text)
    MemManage_Handler                        0x00000179   Thumb Code     2  startup_lpc17xx.o(.text)
    BusFault_Handler                         0x0000017b   Thumb Code     2  startup_lpc17xx.o(.text)
    UsageFault_Handler                       0x0000017d   Thumb Code     2  startup_lpc17xx.o(.text)
    SVC_Handler                              0x0000017f   Thumb Code     2  startup_lpc17xx.o(.text)
    DebugMon_Handler                         0x00000181   Thumb Code     2  startup_lpc17xx.o(.text)
    PendSV_Handler                           0x00000183   Thumb Code     2  startup_lpc17xx.o(.text)
    SysTick_Handler                          0x00000185   Thumb Code     2  startup_lpc17xx.o(.text)
    BOD_IRQHandler                           0x00000187   Thumb Code     0  startup_lpc17xx.o(.text)
    CANActivity_IRQHandler                   0x00000187   Thumb Code     0  startup_lpc17xx.o(.text)
    CAN_IRQHandler                           0x00000187   Thumb Code     0  startup_lpc17xx.o(.text)
    DMA_IRQHandler                           0x00000187   Thumb Code     0  startup_lpc17xx.o(.text)
    EINT0_IRQHandler                         0x00000187   Thumb Code     0  startup_lpc17xx.o(.text)
    EINT1_IRQHandler                         0x00000187   Thumb Code     0  startup_lpc17xx.o(.text)
    EINT2_IRQHandler                         0x00000187   Thumb Code     0  startup_lpc17xx.o(.text)
    EINT3_IRQHandler                         0x00000187   Thumb Code     0  startup_lpc17xx.o(.text)
    ENET_IRQHandler                          0x00000187   Thumb Code     0  startup_lpc17xx.o(.text)
    I2C0_IRQHandler                          0x00000187   Thumb Code     0  startup_lpc17xx.o(.text)
    I2C1_IRQHandler                          0x00000187   Thumb Code     0  startup_lpc17xx.o(.text)
    I2C2_IRQHandler                          0x00000187   Thumb Code     0  startup_lpc17xx.o(.text)
    I2S_IRQHandler                           0x00000187   Thumb Code     0  startup_lpc17xx.o(.text)
    MCPWM_IRQHandler                         0x00000187   Thumb Code     0  startup_lpc17xx.o(.text)
    PLL0_IRQHandler                          0x00000187   Thumb Code     0  startup_lpc17xx.o(.text)
    PLL1_IRQHandler                          0x00000187   Thumb Code     0  startup_lpc17xx.o(.text)
    PWM1_IRQHandler                          0x00000187   Thumb Code     0  startup_lpc17xx.o(.text)
    QEI_IRQHandler                           0x00000187   Thumb Code     0  startup_lpc17xx.o(.text)
    RTC_IRQHandler                           0x00000187   Thumb Code     0  startup_lpc17xx.o(.text)
    SPI_IRQHandler                           0x00000187   Thumb Code     0  startup_lpc17xx.o(.text)
    SSP0_IRQHandler                          0x00000187   Thumb Code     0  startup_lpc17xx.o(.text)
    SSP1_IRQHandler                          0x00000187   Thumb Code     0  startup_lpc17xx.o(.text)
    TIMER2_IRQHandler                        0x00000187   Thumb Code     0  startup_lpc17xx.o(.text)
    TIMER3_IRQHandler                        0x00000187   Thumb Code     0  startup_lpc17xx.o(.text)
    UART0_IRQHandler                         0x00000187   Thumb Code     0  startup_lpc17xx.o(.text)
    UART1_IRQHandler                         0x00000187   Thumb Code     0  startup_lpc17xx.o(.text)
    UART2_IRQHandler                         0x00000187   Thumb Code     0  startup_lpc17xx.o(.text)
    UART3_IRQHandler                         0x00000187   Thumb Code     0  startup_lpc17xx.o(.text)
    USBActivity_IRQHandler                   0x00000187   Thumb Code     0  startup_lpc17xx.o(.text)
    USB_IRQHandler                           0x00000187   Thumb Code     0  startup_lpc17xx.o(.text)
    WDT_IRQHandler                           0x00000187   Thumb Code     0  startup_lpc17xx.o(.text)
    __user_initial_stackheap                 0x00000189   Thumb Code     0  startup_lpc17xx.o(.text)
    main                                     0x000001a5   Thumb Code    50  sample.o(.text)
    TIMER0_IRQHandler                        0x000001dd   Thumb Code    16  irq_timer.o(.text)
    TIMER1_IRQHandler                        0x000001ed   Thumb Code    14  irq_timer.o(.text)
    enable_timer                             0x00000201   Thumb Code    20  lib_timer.o(.text)
    disable_timer                            0x00000215   Thumb Code    20  lib_timer.o(.text)
    reset_timer                              0x00000229   Thumb Code    30  lib_timer.o(.text)
    init_timer                               0x00000247   Thumb Code    52  lib_timer.o(.text)
    initAnimationTimer                       0x0000027b   Thumb Code    20  lib_timer.o(.text)
    AnimationTimerInterval                   0x0000028f   Thumb Code    12  lib_timer.o(.text)
    RIT_IRQHandler                           0x000002b9   Thumb Code    26  irq_rit.o(.text)
    GetASCIICode                             0x000002d9   Thumb Code    14  asciilib.o(.text)
    __use_two_region_memory                  0x000002ed   Thumb Code     2  heapauxi.o(.text)
    __rt_heap_escrow$2region                 0x000002ef   Thumb Code     2  heapauxi.o(.text)
    __rt_heap_expand$2region                 0x000002f1   Thumb Code     2  heapauxi.o(.text)
    _sputc                                   0x000002f3   Thumb Code    10  _sputc.o(.text)
    SystemInit                               0x00000301   Thumb Code   360  system_lpc17xx.o(.text)
    enable_RIT                               0x00000489   Thumb Code    12  lib_rit.o(.text)
    disable_RIT                              0x00000495   Thumb Code    12  lib_rit.o(.text)
    reset_RIT                                0x000004a1   Thumb Code     8  lib_rit.o(.text)
    init_RIT                                 0x000004a9   Thumb Code    50  lib_rit.o(.text)
    setInterval                              0x000004db   Thumb Code     6  lib_rit.o(.text)
    LPC17xx_SPI_SetSpeed                     0x000004e9   Thumb Code    16  touchpanel.o(.text)
    TP_Init                                  0x0000054f   Thumb Code    20  touchpanel.o(.text)
    Read_X                                   0x000005b5   Thumb Code    34  touchpanel.o(.text)
    Read_Y                                   0x000005d7   Thumb Code    34  touchpanel.o(.text)
    TP_GetAdXY                               0x000005f9   Thumb Code    28  touchpanel.o(.text)
    TP_DrawPoint                             0x00000615   Thumb Code     8  touchpanel.o(.text)
    DrawCross                                0x0000061d   Thumb Code   266  touchpanel.o(.text)
    DeleteCross                              0x00000727   Thumb Code   268  touchpanel.o(.text)
    Read_Ads7846                             0x00000833   Thumb Code   436  touchpanel.o(.text)
    setCalibrationMatrix                     0x000009e7   Thumb Code   334  touchpanel.o(.text)
    getDisplayPoint                          0x00000b35   Thumb Code   176  touchpanel.o(.text)
    TouchPanel_Calibrate                     0x00000be5   Thumb Code   112  touchpanel.o(.text)
    LCD_Initialization                       0x000010f1   Thumb Code 11572  glcd.o(.text)
    wait                                     0x00003e25   Thumb Code     4  glcd.o(.text)
    LCD_WritePixel                           0x00003e29   Thumb Code    46  glcd.o(.text)
    LCD_WriteCommand                         0x00003e57   Thumb Code    56  glcd.o(.text)
    LCD_ClearWindow                          0x00003e8f   Thumb Code   446  glcd.o(.text)
    LCD_Clear                                0x0000404d   Thumb Code   952  glcd.o(.text)
    LCD_GetPoint                             0x00004417   Thumb Code   618  glcd.o(.text)
    LCD_SetPoint                             0x00004681   Thumb Code   156  glcd.o(.text)
    LCD_DrawLine                             0x0000471d   Thumb Code   244  glcd.o(.text)
    PutChar                                  0x00004811   Thumb Code    90  glcd.o(.text)
    LCD_SetWindow                            0x0000486b   Thumb Code   694  glcd.o(.text)
    PutChar2                                 0x00004b21   Thumb Code   134  glcd.o(.text)
    PutCharHorizontal                        0x00004ba7   Thumb Code    88  glcd.o(.text)
    GUI_Text                                 0x00004bff   Thumb Code    70  glcd.o(.text)
    LCD_SetOrientation                       0x00004c45   Thumb Code   252  glcd.o(.text)
    pixel                                    0x00004d41   Thumb Code   150  glcd.o(.text)
    LCD_DrawCircle                           0x00004dd7   Thumb Code    80  glcd.o(.text)
    LCD_DrawRectangle                        0x00004e27   Thumb Code    58  glcd.o(.text)
    LCD_Darken                               0x00004e61   Thumb Code   242  glcd.o(.text)
    LCD_GetPixel                             0x00004f53   Thumb Code   152  glcd.o(.text)
    LCD_SetBackground                        0x00004feb   Thumb Code     8  glcd.o(.text)
    LCD_GetBackground                        0x00004ff3   Thumb Code     6  glcd.o(.text)
    buildDummyFrame                          0x00005001   Thumb Code    22  wrapper.o(.text)
    cancelFrame                              0x00005017   Thumb Code   132  wrapper.o(.text)
    drawFrame                                0x0000509b   Thumb Code   228  wrapper.o(.text)
    sendFrame                                0x0000517f   Thumb Code    10  wrapper.o(.text)
    getAnimation                             0x00005189   Thumb Code    40  wrapper.o(.text)
    drawButton                               0x000051b1   Thumb Code    58  wrapper.o(.text)
    increaseHappiness                        0x000051eb   Thumb Code    58  wrapper.o(.text)
    increaseSatiety                          0x00005225   Thumb Code    58  wrapper.o(.text)
    concludeAnimation                        0x0000525f   Thumb Code    64  wrapper.o(.text)
    animate                                  0x0000529f   Thumb Code    94  wrapper.o(.text)
    initAnimation                            0x000052fd   Thumb Code    52  wrapper.o(.text)
    drawBackground                           0x00005331   Thumb Code    88  wrapper.o(.text)
    initStatus                               0x00005389   Thumb Code    52  wrapper.o(.text)
    endGame                                  0x000053bd   Thumb Code    26  wrapper.o(.text)
    decreaseSatiety                          0x000053d7   Thumb Code   108  wrapper.o(.text)
    decreaseHappiness                        0x00005443   Thumb Code    64  wrapper.o(.text)
    updateTime                               0x00005483   Thumb Code   126  wrapper.o(.text)
    startGame                                0x00005501   Thumb Code    56  wrapper.o(.text)
    checkJoyStick                            0x00005539   Thumb Code   102  wrapper.o(.text)
    initGameTimers                           0x0000559f   Thumb Code    28  wrapper.o(.text)
    checkTouchPanel                          0x000055bb   Thumb Code    88  wrapper.o(.text)
    drawVolumeStatus                         0x00005613   Thumb Code   106  wrapper.o(.text)
    ADC_IRQHandler                           0x000056b1   Thumb Code    16  irq_adc.o(.text)
    ADC_init                                 0x000056c9   Thumb Code    48  lib_adc.o(.text)
    ADC_start_conversion                     0x000056f9   Thumb Code    12  lib_adc.o(.text)
    playNote                                 0x00005719   Thumb Code    54  music.o(.text)
    isNotePlaying                            0x0000574f   Thumb Code    22  music.o(.text)
    initSong                                 0x00005765   Thumb Code     2  music.o(.text)
    updateVolume                             0x00005767   Thumb Code    16  music.o(.text)
    adjustVolume                             0x00005777   Thumb Code    70  music.o(.text)
    __2sprintf                               0x000057c5   Thumb Code    38  __2sprintf.o(.text)
    _printf_pre_padding                      0x000057f1   Thumb Code    44  _printf_pad.o(.text)
    _printf_post_padding                     0x0000581d   Thumb Code    34  _printf_pad.o(.text)
    _printf_int_dec                          0x00005841   Thumb Code   104  _printf_dec.o(.text)
    __printf                                 0x000058b9   Thumb Code   308  __printf_flags_wp.o(.text)
    __aeabi_memcpy                           0x000059f1   Thumb Code     0  rt_memcpy_v6.o(.text)
    __rt_memcpy                              0x000059f1   Thumb Code   138  rt_memcpy_v6.o(.text)
    _memcpy_lastbytes                        0x00005a57   Thumb Code     0  rt_memcpy_v6.o(.text)
    __aeabi_memclr4                          0x00005a7b   Thumb Code     0  rt_memclr_w.o(.text)
    __aeabi_memclr8                          0x00005a7b   Thumb Code     0  rt_memclr_w.o(.text)
    __rt_memclr_w                            0x00005a7b   Thumb Code    78  rt_memclr_w.o(.text)
    _memset_w                                0x00005a7f   Thumb Code     0  rt_memclr_w.o(.text)
    _printf_int_common                       0x00005ac9   Thumb Code   178  _printf_intcommon.o(.text)
    _printf_char_common                      0x00005b87   Thumb Code    32  _printf_char_common.o(.text)
    __aeabi_memcpy4                          0x00005bad   Thumb Code     0  rt_memcpy_w.o(.text)
    __aeabi_memcpy8                          0x00005bad   Thumb Code     0  rt_memcpy_w.o(.text)
    __rt_memcpy_w                            0x00005bad   Thumb Code   100  rt_memcpy_w.o(.text)
    _memcpy_lastbytes_aligned                0x00005bf5   Thumb Code     0  rt_memcpy_w.o(.text)
    __user_setup_stackheap                   0x00005c11   Thumb Code    74  sys_stackheap_outer.o(.text)
    exit                                     0x00005c5b   Thumb Code    18  exit.o(.text)
    __user_libspace                          0x00005c6d   Thumb Code     8  libspace.o(.text)
    __user_perproc_libspace                  0x00005c6d   Thumb Code     0  libspace.o(.text)
    __user_perthread_libspace                0x00005c6d   Thumb Code     0  libspace.o(.text)
    _sys_exit                                0x00005c75   Thumb Code     8  sys_exit.o(.text)
    __I$use$semihosting                      0x00005c81   Thumb Code     0  use_no_semi.o(.text)
    __use_no_semihosting_swi                 0x00005c81   Thumb Code     2  use_no_semi.o(.text)
    __semihosting_library_function           0x00005c83   Thumb Code     0  indicate_semi.o(.text)
    _is_digit                                0x00005c83   Thumb Code    14  __printf_wp.o(i._is_digit)
    __aeabi_dadd                             0x00005c91   Thumb Code     0  daddsub_clz.o(x$fpl$dadd)
    _dadd                                    0x00005c91   Thumb Code   332  daddsub_clz.o(x$fpl$dadd)
    __fpl_dcmp_Inf                           0x00005de1   Thumb Code    24  dcmpi.o(x$fpl$dcmpinf)
    __aeabi_ddiv                             0x00005df9   Thumb Code     0  ddiv.o(x$fpl$ddiv)
    _ddiv                                    0x00005df9   Thumb Code   552  ddiv.o(x$fpl$ddiv)
    __aeabi_cdcmpeq                          0x000060a9   Thumb Code     0  deqf.o(x$fpl$deqf)
    _dcmpeq                                  0x000060a9   Thumb Code   120  deqf.o(x$fpl$deqf)
    __aeabi_d2uiz                            0x00006121   Thumb Code     0  dfixu.o(x$fpl$dfixu)
    _dfixu                                   0x00006121   Thumb Code    90  dfixu.o(x$fpl$dfixu)
    __aeabi_i2d                              0x0000617b   Thumb Code     0  dflt_clz.o(x$fpl$dflt)
    _dflt                                    0x0000617b   Thumb Code    46  dflt_clz.o(x$fpl$dflt)
    __aeabi_ui2d                             0x000061a9   Thumb Code     0  dflt_clz.o(x$fpl$dfltu)
    _dfltu                                   0x000061a9   Thumb Code    38  dflt_clz.o(x$fpl$dfltu)
    __aeabi_dmul                             0x000061d1   Thumb Code     0  dmul.o(x$fpl$dmul)
    _dmul                                    0x000061d1   Thumb Code   332  dmul.o(x$fpl$dmul)
    __fpl_dnaninf                            0x00006325   Thumb Code   156  dnaninf.o(x$fpl$dnaninf)
    __fpl_dretinf                            0x000063c1   Thumb Code    12  dretinf.o(x$fpl$dretinf)
    __aeabi_dsub                             0x000063cd   Thumb Code     0  daddsub_clz.o(x$fpl$dsub)
    _dsub                                    0x000063cd   Thumb Code   464  daddsub_clz.o(x$fpl$dsub)
    __I$use$fp                               0x000065a0   Number         0  usenofp.o(x$fpl$usenofp)
    Region$$Table$$Base                      0x00065f10   Number         0  anon$$obj.o(Region$$Table)
    Region$$Table$$Limit                     0x00065f40   Number         0  anon$$obj.o(Region$$Table)
    SystemFrequency                          0x2007c000   Data           4  system_lpc17xx.o(.data)
    DisplaySample                            0x2007c008   Data          12  touchpanel.o(.data)
    display                                  0x2007c014   Data           4  touchpanel.o(.data)
    AD_current                               0x2007c038   Data           2  irq_adc.o(.data)
    volume                                   0x2007c03a   Data           1  music.o(.data)
    volumeIntervals                          0x2007c03c   Data          24  music.o(.data)
    matrix                                   0x2007c058   Data          56  touchpanel.o(.bss)
    ScreenSample                             0x2007c090   Data          12  touchpanel.o(.bss)
    __libspace_start                         0x2007c0ac   Data          96  libspace.o(.bss)
    __temporary_stack_top$libspace           0x2007c10c   Data           0  libspace.o(.bss)



==============================================================================

Memory Map of the image

  Image Entry point : 0x000000cd

  Load Region LR_IROM1 (Base: 0x00000000, Size: 0x00065f94, Max: 0x00080000, ABSOLUTE)

    Execution Region ER_IROM1 (Exec base: 0x00000000, Load base: 0x00000000, Size: 0x00065f40, Max: 0x00080000, ABSOLUTE)

    Exec Addr    Load Addr    Size         Type   Attr      Idx    E Section Name        Object

    0x00000000   0x00000000   0x000000cc   Data   RO            3    RESET               startup_lpc17xx.o
    0x000000cc   0x000000cc   0x00000008   Code   RO          683  * !!!main             c_w.l(__main.o)
    0x000000d4   0x000000d4   0x00000034   Code   RO          884    !!!scatter          c_w.l(__scatter.o)
    0x00000108   0x00000108   0x0000001a   Code   RO          886    !!handler_copy      c_w.l(__scatter_copy.o)
    0x00000122   0x00000122   0x00000002   PAD
    0x00000124   0x00000124   0x0000001c   Code   RO          888    !!handler_zi        c_w.l(__scatter_zi.o)
    0x00000140   0x00000140   0x00000000   Code   RO          676    .ARM.Collect$$_printf_percent$$00000000  c_w.l(_printf_percent.o)
    0x00000140   0x00000140   0x00000006   Code   RO          675    .ARM.Collect$$_printf_percent$$00000009  c_w.l(_printf_d.o)
    0x00000146   0x00000146   0x00000004   Code   RO          716    .ARM.Collect$$_printf_percent$$00000017  c_w.l(_printf_percent_end.o)
    0x0000014a   0x0000014a   0x00000002   Code   RO          752    .ARM.Collect$$libinit$$00000000  c_w.l(libinit.o)
    0x0000014c   0x0000014c   0x00000000   Code   RO          759    .ARM.Collect$$libinit$$00000002  c_w.l(libinit2.o)
    0x0000014c   0x0000014c   0x00000000   Code   RO          761    .ARM.Collect$$libinit$$00000004  c_w.l(libinit2.o)
    0x0000014c   0x0000014c   0x00000000   Code   RO          764    .ARM.Collect$$libinit$$0000000A  c_w.l(libinit2.o)
    0x0000014c   0x0000014c   0x00000000   Code   RO          766    .ARM.Collect$$libinit$$0000000C  c_w.l(libinit2.o)
    0x0000014c   0x0000014c   0x00000000   Code   RO          768    .ARM.Collect$$libinit$$0000000E  c_w.l(libinit2.o)
    0x0000014c   0x0000014c   0x00000000   Code   RO          771    .ARM.Collect$$libinit$$00000011  c_w.l(libinit2.o)
    0x0000014c   0x0000014c   0x00000000   Code   RO          773    .ARM.Collect$$libinit$$00000013  c_w.l(libinit2.o)
    0x0000014c   0x0000014c   0x00000000   Code   RO          775    .ARM.Collect$$libinit$$00000015  c_w.l(libinit2.o)
    0x0000014c   0x0000014c   0x00000000   Code   RO          777    .ARM.Collect$$libinit$$00000017  c_w.l(libinit2.o)
    0x0000014c   0x0000014c   0x00000000   Code   RO          779    .ARM.Collect$$libinit$$00000019  c_w.l(libinit2.o)
    0x0000014c   0x0000014c   0x00000000   Code   RO          781    .ARM.Collect$$libinit$$0000001B  c_w.l(libinit2.o)
    0x0000014c   0x0000014c   0x00000000   Code   RO          783    .ARM.Collect$$libinit$$0000001D  c_w.l(libinit2.o)
    0x0000014c   0x0000014c   0x00000000   Code   RO          785    .ARM.Collect$$libinit$$0000001F  c_w.l(libinit2.o)
    0x0000014c   0x0000014c   0x00000000   Code   RO          787    .ARM.Collect$$libinit$$00000021  c_w.l(libinit2.o)
    0x0000014c   0x0000014c   0x00000000   Code   RO          789    .ARM.Collect$$libinit$$00000023  c_w.l(libinit2.o)
    0x0000014c   0x0000014c   0x00000000   Code   RO          791    .ARM.Collect$$libinit$$00000025  c_w.l(libinit2.o)
    0x0000014c   0x0000014c   0x00000000   Code   RO          795    .ARM.Collect$$libinit$$0000002C  c_w.l(libinit2.o)
    0x0000014c   0x0000014c   0x00000000   Code   RO          797    .ARM.Collect$$libinit$$0000002E  c_w.l(libinit2.o)
    0x0000014c   0x0000014c   0x00000000   Code   RO          799    .ARM.Collect$$libinit$$00000030  c_w.l(libinit2.o)
    0x0000014c   0x0000014c   0x00000000   Code   RO          801    .ARM.Collect$$libinit$$00000032  c_w.l(libinit2.o)
    0x0000014c   0x0000014c   0x00000002   Code   RO          802    .ARM.Collect$$libinit$$00000033  c_w.l(libinit2.o)
    0x0000014e   0x0000014e   0x00000002   Code   RO          822    .ARM.Collect$$libshutdown$$00000000  c_w.l(libshutdown.o)
    0x00000150   0x00000150   0x00000000   Code   RO          835    .ARM.Collect$$libshutdown$$00000002  c_w.l(libshutdown2.o)
    0x00000150   0x00000150   0x00000000   Code   RO          837    .ARM.Collect$$libshutdown$$00000004  c_w.l(libshutdown2.o)
    0x00000150   0x00000150   0x00000000   Code   RO          839    .ARM.Collect$$libshutdown$$00000006  c_w.l(libshutdown2.o)
    0x00000150   0x00000150   0x00000000   Code   RO          842    .ARM.Collect$$libshutdown$$00000009  c_w.l(libshutdown2.o)
    0x00000150   0x00000150   0x00000000   Code   RO          845    .ARM.Collect$$libshutdown$$0000000C  c_w.l(libshutdown2.o)
    0x00000150   0x00000150   0x00000000   Code   RO          847    .ARM.Collect$$libshutdown$$0000000E  c_w.l(libshutdown2.o)
    0x00000150   0x00000150   0x00000000   Code   RO          850    .ARM.Collect$$libshutdown$$00000011  c_w.l(libshutdown2.o)
    0x00000150   0x00000150   0x00000002   Code   RO          851    .ARM.Collect$$libshutdown$$00000012  c_w.l(libshutdown2.o)
    0x00000152   0x00000152   0x00000000   Code   RO          709    .ARM.Collect$$rtentry$$00000000  c_w.l(__rtentry.o)
    0x00000152   0x00000152   0x00000000   Code   RO          727    .ARM.Collect$$rtentry$$00000002  c_w.l(__rtentry2.o)
    0x00000152   0x00000152   0x00000006   Code   RO          739    .ARM.Collect$$rtentry$$00000004  c_w.l(__rtentry4.o)
    0x00000158   0x00000158   0x00000000   Code   RO          729    .ARM.Collect$$rtentry$$00000009  c_w.l(__rtentry2.o)
    0x00000158   0x00000158   0x00000004   Code   RO          730    .ARM.Collect$$rtentry$$0000000A  c_w.l(__rtentry2.o)
    0x0000015c   0x0000015c   0x00000000   Code   RO          732    .ARM.Collect$$rtentry$$0000000C  c_w.l(__rtentry2.o)
    0x0000015c   0x0000015c   0x00000008   Code   RO          733    .ARM.Collect$$rtentry$$0000000D  c_w.l(__rtentry2.o)
    0x00000164   0x00000164   0x00000002   Code   RO          756    .ARM.Collect$$rtexit$$00000000  c_w.l(rtexit.o)
    0x00000166   0x00000166   0x00000000   Code   RO          804    .ARM.Collect$$rtexit$$00000002  c_w.l(rtexit2.o)
    0x00000166   0x00000166   0x00000004   Code   RO          805    .ARM.Collect$$rtexit$$00000003  c_w.l(rtexit2.o)
    0x0000016a   0x0000016a   0x00000006   Code   RO          806    .ARM.Collect$$rtexit$$00000004  c_w.l(rtexit2.o)
    0x00000170   0x00000170   0x00000034   Code   RO            5    .text               startup_lpc17xx.o
    0x000001a4   0x000001a4   0x00000038   Code   RO           16    .text               sample.o
    0x000001dc   0x000001dc   0x00000024   Code   RO          133    .text               irq_timer.o
    0x00000200   0x00000200   0x000000b8   Code   RO          183    .text               lib_timer.o
    0x000002b8   0x000002b8   0x00000020   Code   RO          211    .text               irq_rit.o
    0x000002d8   0x000002d8   0x00000014   Code   RO          310    .text               asciilib.o
    0x000002ec   0x000002ec   0x00000006   Code   RO          681    .text               c_w.l(heapauxi.o)
    0x000002f2   0x000002f2   0x0000000a   Code   RO          714    .text               c_w.l(_sputc.o)
    0x000002fc   0x000002fc   0x00000004   Code   RO            4    .ARM.__at_0x02FC    startup_lpc17xx.o
    0x00000300   0x00000300   0x00000188   Code   RO          106    .text               system_lpc17xx.o
    0x00000488   0x00000488   0x00000060   Code   RO          254    .text               lib_rit.o
    0x000004e8   0x000004e8   0x00000798   Code   RO          278    .text               touchpanel.o
    0x00000c80   0x00000c80   0x00004380   Code   RO          330    .text               glcd.o
    0x00005000   0x00005000   0x000006b0   Code   RO          376    .text               wrapper.o
    0x000056b0   0x000056b0   0x00000018   Code   RO          530    .text               irq_adc.o
    0x000056c8   0x000056c8   0x00000050   Code   RO          569    .text               lib_adc.o
    0x00005718   0x00005718   0x000000ac   Code   RO          597    .text               music.o
    0x000057c4   0x000057c4   0x0000002c   Code   RO          645    .text               c_w.l(__2sprintf.o)
    0x000057f0   0x000057f0   0x0000004e   Code   RO          651    .text               c_w.l(_printf_pad.o)
    0x0000583e   0x0000583e   0x00000002   PAD
    0x00005840   0x00005840   0x00000078   Code   RO          653    .text               c_w.l(_printf_dec.o)
    0x000058b8   0x000058b8   0x00000138   Code   RO          667    .text               c_w.l(__printf_flags_wp.o)
    0x000059f0   0x000059f0   0x0000008a   Code   RO          677    .text               c_w.l(rt_memcpy_v6.o)
    0x00005a7a   0x00005a7a   0x0000004e   Code   RO          679    .text               c_w.l(rt_memclr_w.o)
    0x00005ac8   0x00005ac8   0x000000b2   Code   RO          710    .text               c_w.l(_printf_intcommon.o)
    0x00005b7a   0x00005b7a   0x00000002   PAD
    0x00005b7c   0x00005b7c   0x00000030   Code   RO          712    .text               c_w.l(_printf_char_common.o)
    0x00005bac   0x00005bac   0x00000064   Code   RO          717    .text               c_w.l(rt_memcpy_w.o)
    0x00005c10   0x00005c10   0x0000004a   Code   RO          743    .text               c_w.l(sys_stackheap_outer.o)
    0x00005c5a   0x00005c5a   0x00000012   Code   RO          745    .text               c_w.l(exit.o)
    0x00005c6c   0x00005c6c   0x00000008   Code   RO          753    .text               c_w.l(libspace.o)
    0x00005c74   0x00005c74   0x0000000c   Code   RO          814    .text               c_w.l(sys_exit.o)
    0x00005c80   0x00005c80   0x00000002   Code   RO          825    .text               c_w.l(use_no_semi.o)
    0x00005c82   0x00005c82   0x00000000   Code   RO          827    .text               c_w.l(indicate_semi.o)
    0x00005c82   0x00005c82   0x0000000e   Code   RO          665    i._is_digit         c_w.l(__printf_wp.o)
    0x00005c90   0x00005c90   0x00000150   Code   RO          685    x$fpl$dadd          fz_ws.l(daddsub_clz.o)
    0x00005de0   0x00005de0   0x00000018   Code   RO          719    x$fpl$dcmpinf       fz_ws.l(dcmpi.o)
    0x00005df8   0x00005df8   0x000002b0   Code   RO          692    x$fpl$ddiv          fz_ws.l(ddiv.o)
    0x000060a8   0x000060a8   0x00000078   Code   RO          695    x$fpl$deqf          fz_ws.l(deqf.o)
    0x00006120   0x00006120   0x0000005a   Code   RO          697    x$fpl$dfixu         fz_ws.l(dfixu.o)
    0x0000617a   0x0000617a   0x0000002e   Code   RO          702    x$fpl$dflt          fz_ws.l(dflt_clz.o)
    0x000061a8   0x000061a8   0x00000026   Code   RO          701    x$fpl$dfltu         fz_ws.l(dflt_clz.o)
    0x000061ce   0x000061ce   0x00000002   PAD
    0x000061d0   0x000061d0   0x00000154   Code   RO          707    x$fpl$dmul          fz_ws.l(dmul.o)
    0x00006324   0x00006324   0x0000009c   Code   RO          721    x$fpl$dnaninf       fz_ws.l(dnaninf.o)
    0x000063c0   0x000063c0   0x0000000c   Code   RO          723    x$fpl$dretinf       fz_ws.l(dretinf.o)
    0x000063cc   0x000063cc   0x000001d4   Code   RO          687    x$fpl$dsub          fz_ws.l(daddsub_clz.o)
    0x000065a0   0x000065a0   0x00000000   Code   RO          725    x$fpl$usenofp       fz_ws.l(usenofp.o)
    0x000065a0   0x000065a0   0x000005f0   Data   RO          311    .constdata          asciilib.o
    0x00006b90   0x00006b90   0x0001e994   Data   RO          378    .constdata          wrapper.o
    0x00025524   0x00025524   0x00007081   Data   RO          379    .constdata          wrapper.o
    0x0002c5a5   0x0002c5a5   0x00007081   Data   RO          380    .constdata          wrapper.o
    0x00033626   0x00033626   0x00007081   Data   RO          381    .constdata          wrapper.o
    0x0003a6a7   0x0003a6a7   0x00002bc1   Data   RO          382    .constdata          wrapper.o
    0x0003d268   0x0003d268   0x00000008   Data   RO          383    .constdata          wrapper.o
    0x0003d270   0x0003d270   0x00002bc1   Data   RO          384    .constdata          wrapper.o
    0x0003fe31   0x0003fe31   0x00000003   PAD
    0x0003fe34   0x0003fe34   0x00000008   Data   RO          385    .constdata          wrapper.o
    0x0003fe3c   0x0003fe3c   0x00003021   Data   RO          386    .constdata          wrapper.o
    0x00042e5d   0x00042e5d   0x00000003   PAD
    0x00042e60   0x00042e60   0x00000008   Data   RO          387    .constdata          wrapper.o
    0x00042e68   0x00042e68   0x000035c1   Data   RO          388    .constdata          wrapper.o
    0x00046429   0x00046429   0x00000003   PAD
    0x0004642c   0x0004642c   0x00000008   Data   RO          389    .constdata          wrapper.o
    0x00046434   0x00046434   0x00003021   Data   RO          390    .constdata          wrapper.o
    0x00049455   0x00049455   0x00000003   PAD
    0x00049458   0x00049458   0x00000008   Data   RO          391    .constdata          wrapper.o
    0x00049460   0x00049460   0x00002e53   Data   RO          392    .constdata          wrapper.o
    0x0004c2b3   0x0004c2b3   0x00000001   PAD
    0x0004c2b4   0x0004c2b4   0x00000008   Data   RO          393    .constdata          wrapper.o
    0x0004c2bc   0x0004c2bc   0x00002e53   Data   RO          394    .constdata          wrapper.o
    0x0004f10f   0x0004f10f   0x00000001   PAD
    0x0004f110   0x0004f110   0x00000008   Data   RO          395    .constdata          wrapper.o
    0x0004f118   0x0004f118   0x00002c85   Data   RO          396    .constdata          wrapper.o
    0x00051d9d   0x00051d9d   0x00000003   PAD
    0x00051da0   0x00051da0   0x00000008   Data   RO          397    .constdata          wrapper.o
    0x00051da8   0x00051da8   0x0000284f   Data   RO          398    .constdata          wrapper.o
    0x000545f7   0x000545f7   0x00000001   PAD
    0x000545f8   0x000545f8   0x00000008   Data   RO          399    .constdata          wrapper.o
    0x00054600   0x00054600   0x00002a25   Data   RO          400    .constdata          wrapper.o
    0x00057025   0x00057025   0x00000003   PAD
    0x00057028   0x00057028   0x00000008   Data   RO          401    .constdata          wrapper.o
    0x00057030   0x00057030   0x00002e53   Data   RO          402    .constdata          wrapper.o
    0x00059e83   0x00059e83   0x00000001   PAD
    0x00059e84   0x00059e84   0x00000008   Data   RO          403    .constdata          wrapper.o
    0x00059e8c   0x00059e8c   0x00000993   Data   RO          404    .constdata          wrapper.o
    0x0005a81f   0x0005a81f   0x00000001   PAD
    0x0005a820   0x0005a820   0x00000008   Data   RO          405    .constdata          wrapper.o
    0x0005a828   0x0005a828   0x00000835   Data   RO          406    .constdata          wrapper.o
    0x0005b05d   0x0005b05d   0x00000003   PAD
    0x0005b060   0x0005b060   0x00000008   Data   RO          407    .constdata          wrapper.o
    0x0005b068   0x0005b068   0x00000321   Data   RO          408    .constdata          wrapper.o
    0x0005b389   0x0005b389   0x00000321   Data   RO          409    .constdata          wrapper.o
    0x0005b6aa   0x0005b6aa   0x00000321   Data   RO          410    .constdata          wrapper.o
    0x0005b9cb   0x0005b9cb   0x00000321   Data   RO          411    .constdata          wrapper.o
    0x0005bcec   0x0005bcec   0x000084d1   Data   RO          412    .constdata          wrapper.o
    0x000641bd   0x000641bd   0x00000003   PAD
    0x000641c0   0x000641c0   0x00000008   Data   RO          413    .constdata          wrapper.o
    0x000641c8   0x000641c8   0x00000641   Data   RO          414    .constdata          wrapper.o
    0x00064809   0x00064809   0x00000641   Data   RO          415    .constdata          wrapper.o
    0x00064e4a   0x00064e4a   0x00000641   Data   RO          416    .constdata          wrapper.o
    0x0006548b   0x0006548b   0x00000641   Data   RO          417    .constdata          wrapper.o
    0x00065acc   0x00065acc   0x00000010   Data   RO          418    .constdata          wrapper.o
    0x00065adc   0x00065adc   0x00000010   Data   RO          419    .constdata          wrapper.o
    0x00065aec   0x00065aec   0x00000010   Data   RO          420    .constdata          wrapper.o
    0x00065afc   0x00065afc   0x00000010   Data   RO          421    .constdata          wrapper.o
    0x00065b0c   0x00065b0c   0x00000010   Data   RO          422    .constdata          wrapper.o
    0x00065b1c   0x00065b1c   0x00000010   Data   RO          423    .constdata          wrapper.o
    0x00065b2c   0x00065b2c   0x00000010   Data   RO          424    .constdata          wrapper.o
    0x00065b3c   0x00065b3c   0x00000010   Data   RO          425    .constdata          wrapper.o
    0x00065b4c   0x00065b4c   0x00000010   Data   RO          426    .constdata          wrapper.o
    0x00065b5c   0x00065b5c   0x00000010   Data   RO          427    .constdata          wrapper.o
    0x00065b6c   0x00065b6c   0x00000010   Data   RO          428    .constdata          wrapper.o
    0x00065b7c   0x00065b7c   0x00000010   Data   RO          429    .constdata          wrapper.o
    0x00065b8c   0x00065b8c   0x00000010   Data   RO          430    .constdata          wrapper.o
    0x00065b9c   0x00065b9c   0x00000010   Data   RO          431    .constdata          wrapper.o
    0x00065bac   0x00065bac   0x00000010   Data   RO          432    .constdata          wrapper.o
    0x00065bbc   0x00065bbc   0x00000010   Data   RO          433    .constdata          wrapper.o
    0x00065bcc   0x00065bcc   0x00000010   Data   RO          434    .constdata          wrapper.o
    0x00065bdc   0x00065bdc   0x00000010   Data   RO          435    .constdata          wrapper.o
    0x00065bec   0x00065bec   0x00000010   Data   RO          436    .constdata          wrapper.o
    0x00065bfc   0x00065bfc   0x00000010   Data   RO          437    .constdata          wrapper.o
    0x00065c0c   0x00065c0c   0x00000010   Data   RO          438    .constdata          wrapper.o
    0x00065c1c   0x00065c1c   0x00000010   Data   RO          439    .constdata          wrapper.o
    0x00065c2c   0x00065c2c   0x00000010   Data   RO          440    .constdata          wrapper.o
    0x00065c3c   0x00065c3c   0x00000010   Data   RO          441    .constdata          wrapper.o
    0x00065c4c   0x00065c4c   0x00000010   Data   RO          442    .constdata          wrapper.o
    0x00065c5c   0x00065c5c   0x00000010   Data   RO          443    .constdata          wrapper.o
    0x00065c6c   0x00065c6c   0x00000010   Data   RO          444    .constdata          wrapper.o
    0x00065c7c   0x00065c7c   0x00000010   Data   RO          445    .constdata          wrapper.o
    0x00065c8c   0x00065c8c   0x00000010   Data   RO          446    .constdata          wrapper.o
    0x00065c9c   0x00065c9c   0x00000010   Data   RO          447    .constdata          wrapper.o
    0x00065cac   0x00065cac   0x00000010   Data   RO          448    .constdata          wrapper.o
    0x00065cbc   0x00065cbc   0x00000010   Data   RO          449    .constdata          wrapper.o
    0x00065ccc   0x00065ccc   0x00000010   Data   RO          450    .constdata          wrapper.o
    0x00065cdc   0x00065cdc   0x00000010   Data   RO          451    .constdata          wrapper.o
    0x00065cec   0x00065cec   0x00000010   Data   RO          452    .constdata          wrapper.o
    0x00065cfc   0x00065cfc   0x00000010   Data   RO          453    .constdata          wrapper.o
    0x00065d0c   0x00065d0c   0x00000010   Data   RO          454    .constdata          wrapper.o
    0x00065d1c   0x00065d1c   0x00000010   Data   RO          455    .constdata          wrapper.o
    0x00065d2c   0x00065d2c   0x00000010   Data   RO          456    .constdata          wrapper.o
    0x00065d3c   0x00065d3c   0x00000010   Data   RO          457    .constdata          wrapper.o
    0x00065d4c   0x00065d4c   0x00000010   Data   RO          458    .constdata          wrapper.o
    0x00065d5c   0x00065d5c   0x00000010   Data   RO          459    .constdata          wrapper.o
    0x00065d6c   0x00065d6c   0x00000010   Data   RO          460    .constdata          wrapper.o
    0x00065d7c   0x00065d7c   0x00000010   Data   RO          461    .constdata          wrapper.o
    0x00065d8c   0x00065d8c   0x00000010   Data   RO          462    .constdata          wrapper.o
    0x00065d9c   0x00065d9c   0x00000010   Data   RO          463    .constdata          wrapper.o
    0x00065dac   0x00065dac   0x00000010   Data   RO          464    .constdata          wrapper.o
    0x00065dbc   0x00065dbc   0x00000010   Data   RO          465    .constdata          wrapper.o
    0x00065dcc   0x00065dcc   0x00000010   Data   RO          466    .constdata          wrapper.o
    0x00065ddc   0x00065ddc   0x00000010   Data   RO          467    .constdata          wrapper.o
    0x00065dec   0x00065dec   0x00000010   Data   RO          468    .constdata          wrapper.o
    0x00065dfc   0x00065dfc   0x00000010   Data   RO          469    .constdata          wrapper.o
    0x00065e0c   0x00065e0c   0x00000010   Data   RO          470    .constdata          wrapper.o
    0x00065e1c   0x00065e1c   0x00000010   Data   RO          471    .constdata          wrapper.o
    0x00065e2c   0x00065e2c   0x00000010   Data   RO          472    .constdata          wrapper.o
    0x00065e3c   0x00065e3c   0x00000010   Data   RO          473    .constdata          wrapper.o
    0x00065e4c   0x00065e4c   0x00000010   Data   RO          474    .constdata          wrapper.o
    0x00065e5c   0x00065e5c   0x00000010   Data   RO          475    .constdata          wrapper.o
    0x00065e6c   0x00065e6c   0x00000010   Data   RO          476    .constdata          wrapper.o
    0x00065e7c   0x00065e7c   0x00000010   Data   RO          477    .constdata          wrapper.o
    0x00065e8c   0x00065e8c   0x00000010   Data   RO          478    .constdata          wrapper.o
    0x00065e9c   0x00065e9c   0x00000010   Data   RO          479    .constdata          wrapper.o
    0x00065eac   0x00065eac   0x00000010   Data   RO          480    .constdata          wrapper.o
    0x00065ebc   0x00065ebc   0x00000010   Data   RO          481    .constdata          wrapper.o
    0x00065ecc   0x00065ecc   0x00000010   Data   RO          482    .constdata          wrapper.o
    0x00065edc   0x00065edc   0x00000010   Data   RO          483    .constdata          wrapper.o
    0x00065eec   0x00065eec   0x00000010   Data   RO          484    .constdata          wrapper.o
    0x00065efc   0x00065efc   0x00000011   Data   RO          668    .constdata          c_w.l(__printf_flags_wp.o)
    0x00065f0d   0x00065f0d   0x00000003   PAD
    0x00065f10   0x00065f10   0x00000030   Data   RO          882    Region$$Table       anon$$obj.o


    Execution Region RW_IRAM1 (Exec base: 0x10000000, Load base: 0x00065f40, Size: 0x00000200, Max: 0x00008000, ABSOLUTE)

    Exec Addr    Load Addr    Size         Type   Attr      Idx    E Section Name        Object

    0x10000000        -       0x00000200   Zero   RW            1    STACK               startup_lpc17xx.o


    Execution Region RW_IRAM2 (Exec base: 0x2007c000, Load base: 0x00065f40, Size: 0x00000110, Max: 0x00008000, ABSOLUTE)

    Exec Addr    Load Addr    Size         Type   Attr      Idx    E Section Name        Object

    0x2007c000   0x00065f40   0x00000004   Data   RW          107    .data               system_lpc17xx.o
    0x2007c004   0x00065f44   0x00000010   Data   RW          280    .data               touchpanel.o
    0x2007c014   0x00065f54   0x00000004   Data   RW          281    .data               touchpanel.o
    0x2007c018   0x00065f58   0x00000004   Data   RW          331    .data               glcd.o
    0x2007c01c   0x00065f5c   0x0000001c   Data   RW          485    .data               wrapper.o
    0x2007c038   0x00065f78   0x00000002   Data   RW          533    .data               irq_adc.o
    0x2007c03a   0x00065f7a   0x0000001a   Data   RW          598    .data               music.o
    0x2007c054   0x00065f94   0x00000004   PAD
    0x2007c058        -       0x00000044   Zero   RW          279    .bss                touchpanel.o
    0x2007c09c        -       0x00000010   Zero   RW          377    .bss                wrapper.o
    0x2007c0ac        -       0x00000060   Zero   RW          754    .bss                c_w.l(libspace.o)
    0x2007c10c   0x00065f94   0x00000004   PAD
    0x2007c110        -       0x00000000   Zero   RW            2    HEAP                startup_lpc17xx.o


==============================================================================

Image component sizes


      Code (inc. data)   RO Data    RW Data    ZI Data      Debug   Object Name

        20          6       1520          0          0        907   asciilib.o
     17280         78          0          4          0      53651   glcd.o
        24          8          0          2          0       1012   irq_adc.o
        32          6          0          0          0        417   irq_rit.o
        36          6          0          0          0      17406   irq_timer.o
        80         20          0          0          0      27067   lib_adc.o
        96          8          0          0          0       1032   lib_rit.o
       184          4          0          0          0      28201   lib_timer.o
       172          8          0         26          0       2669   music.o
        56          6          0          0          0       4927   sample.o
        56         22        204          0        512        964   startup_lpc17xx.o
       392         32          0          4          0        775   system_lpc17xx.o
      1944         60          0         20         68       6106   touchpanel.o
      1712         98     389967         28         16      14351   wrapper.o

    ----------------------------------------------------------------------
     22084        362     391768         84        600     159485   Object Totals
         0          0         48          0          0          0   (incl. Generated)
         0          0         29          0          4          0   (incl. Padding)

    ----------------------------------------------------------------------

      Code (inc. data)   RO Data    RW Data    ZI Data      Debug   Library Member Name

        44          6          0          0          0         84   __2sprintf.o
         8          0          0          0          0         68   __main.o
       312          4         17          0          0         92   __printf_flags_wp.o
        14          0          0          0          0         68   __printf_wp.o
         0          0          0          0          0          0   __rtentry.o
        12          0          0          0          0          0   __rtentry2.o
         6          0          0          0          0          0   __rtentry4.o
        52          8          0          0          0          0   __scatter.o
        26          0          0          0          0          0   __scatter_copy.o
        28          0          0          0          0          0   __scatter_zi.o
        48          6          0          0          0         96   _printf_char_common.o
         6          0          0          0          0          0   _printf_d.o
       120         16          0          0          0         92   _printf_dec.o
       178          0          0          0          0         88   _printf_intcommon.o
        78          0          0          0          0        108   _printf_pad.o
         0          0          0          0          0          0   _printf_percent.o
         4          0          0          0          0          0   _printf_percent_end.o
        10          0          0          0          0         68   _sputc.o
        18          0          0          0          0         80   exit.o
         6          0          0          0          0        152   heapauxi.o
         0          0          0          0          0          0   indicate_semi.o
         2          0          0          0          0          0   libinit.o
         2          0          0          0          0          0   libinit2.o
         2          0          0          0          0          0   libshutdown.o
         2          0          0          0          0          0   libshutdown2.o
         8          4          0          0         96         68   libspace.o
        78          0          0          0          0         80   rt_memclr_w.o
       138          0          0          0          0         68   rt_memcpy_v6.o
       100          0          0          0          0         80   rt_memcpy_w.o
         2          0          0          0          0          0   rtexit.o
        10          0          0          0          0          0   rtexit2.o
        12          4          0          0          0         68   sys_exit.o
        74          0          0          0          0         80   sys_stackheap_outer.o
         2          0          0          0          0         68   use_no_semi.o
       804         16          0          0          0        272   daddsub_clz.o
        24          0          0          0          0         68   dcmpi.o
       688        140          0          0          0        208   ddiv.o
       120          4          0          0          0         92   deqf.o
        90          4          0          0          0         92   dfixu.o
        84          0          0          0          0        136   dflt_clz.o
       340         12          0          0          0        104   dmul.o
       156          4          0          0          0         92   dnaninf.o
        12          0          0          0          0         68   dretinf.o
         0          0          0          0          0          0   usenofp.o

    ----------------------------------------------------------------------
      3728        228         20          0        100       2640   Library Totals
         8          0          3          0          4          0   (incl. Padding)

    ----------------------------------------------------------------------

      Code (inc. data)   RO Data    RW Data    ZI Data      Debug   Library Name

      1402         48         17          0         96       1508   c_w.l
      2318        180          0          0          0       1132   fz_ws.l

    ----------------------------------------------------------------------
      3728        228         20          0        100       2640   Library Totals

    ----------------------------------------------------------------------

==============================================================================


      Code (inc. data)   RO Data    RW Data    ZI Data      Debug   

     25812        590     391788         84        700     159989   Grand Totals
     25812        590     391788         84        700     159989   ELF Image Totals
     25812        590     391788         84          0          0   ROM Totals

==============================================================================

    Total RO  Size (Code + RO Data)               417600 ( 407.81kB)
    Total RW  Size (RW Data + ZI Data)               784 (   0.77kB)
    Total ROM Size (Code + RO Data + RW Data)     417684 ( 407.89kB)

==============================================================================

